T6294779c.java:29:5: compiler.err.types.incompatible.diff.ret: T6294779c.I2, T6294779c.I1, get()
1 error
