T6707032.java:12:36: compiler.warn.div.zero
T6707032.java:16:36: compiler.warn.div.zero
2 warnings
