TargetType02.java:33:14: compiler.err.prob.found.req: (compiler.misc.inferred.do.not.conform.to.upper.bounds: java.lang.Integer, java.lang.String)
TargetType02.java:34:9: compiler.err.ref.ambiguous: call3, kindname.method, <Z>call3(TargetType02.S1<Z>), TargetType02, kindname.method, <Z>call3(TargetType02.S2<Z>), TargetType02
TargetType02.java:35:9: compiler.err.ref.ambiguous: call3, kindname.method, <Z>call3(TargetType02.S1<Z>), TargetType02, kindname.method, <Z>call3(TargetType02.S2<Z>), TargetType02
TargetType02.java:37:20: compiler.err.ref.ambiguous: call4, kindname.method, <Z>call4(TargetType02.S1<Z>), TargetType02, kindname.method, <Z>call4(TargetType02.S2<Z>), TargetType02
4 errors
