NullAppend.java:11:16: compiler.err.operator.cant.be.applied.1: +, compiler.misc.type.null, compiler.misc.type.null
1 error
