PrimitiveTypeBoxingTest.java:19:9: compiler.err.cant.apply.symbol: kindname.method, m1, PrimitiveTypeBoxingTest.F<Z>,Z, @490,int, kindname.class, PrimitiveTypeBoxingTest, (compiler.misc.inferred.do.not.conform.to.upper.bounds: java.lang.Integer, java.lang.Long,java.lang.Object)
PrimitiveTypeBoxingTest.java:20:9: compiler.err.cant.apply.symbol: kindname.method, m2, Z,PrimitiveTypeBoxingTest.F<Z>, int,@559, kindname.class, PrimitiveTypeBoxingTest, (compiler.misc.inferred.do.not.conform.to.upper.bounds: java.lang.Integer, java.lang.Long,java.lang.Object)
2 errors
