[attribute A]
[flow A]
[attribute One]
[attribute Two]
[attribute Three]
[flow One]
[flow Two]
[flow Three]
[desugar One]
[desugar A]
[generate code A]
[desugar Two]
[desugar Three]
[generate code One]
[generate code Two]
[generate code Three]
[attribute B]
[flow B]
[desugar B]
[generate code B]