[attribute One]
[attribute Two]
[flow One]
[flow Two]
[desugar One]
[attribute Four]
[attribute Three]
[flow Four]
[flow Three]
[desugar Four]
[desugar Two]
[generate code One]
[generate code Two]
[desugar Three]
[generate code Four]
[generate code Three]