Cycle1.java:13:9: compiler.err.cyclic.annotation.element
1 error
