Dup.java:11:1: compiler.err.duplicate.annotation.missing.container: Dup, java.lang.annotation.Repeatable
1 error
