Z14.java:10:15: compiler.err.intf.annotation.cant.have.type.params
1 error
