Z15.java:11:36: compiler.err.attribute.value.must.be.constant
1 error
