BadCovar.java:22:10: compiler.err.types.incompatible.diff.ret: bad.covar.B, bad.covar.A, f()
1 error
