LabeledDeclaration.java:12:14: compiler.err.dot.class.expected
LabeledDeclaration.java:12:10: compiler.err.not.stmt
2 errors
