Parens1.java:12:20: compiler.err.illegal.start.of.type
1 error
