Parens4.java:12:16: compiler.err.illegal.start.of.type
1 error
