T6234077.java:7:8: compiler.err.class.public.should.be.in.file: Foo
1 error
