InconsistentReturn.java:17:1: compiler.err.types.incompatible.diff.ret: I2, I1, f()
1 error
