EnumSwitch2.java:14:16: compiler.err.enum.label.must.be.unqualified.enum
EnumSwitch2.java:15:16: compiler.err.enum.label.must.be.unqualified.enum
EnumSwitch2.java:15:9: compiler.err.duplicate.case.label
3 errors
